01:22:45 **** Incremental Build of configuration Debug for project run3 ****
make all 
'Building file: ../src/lw_usb/MAX3421E.c'
'Invoking: MicroBlaze gcc compiler'
mb-gcc -Wall -O0 -g3 -c -fmessage-length=0 -MT"src/lw_usb/MAX3421E.o" -IC:/Users/Arjun/Documents/ECE/385/ece-385-run3/run3/workspace/mb_usb_hdmi_top/export/mb_usb_hdmi_top/sw/mb_usb_hdmi_top/standalone_microblaze_0/bspinclude/include -mno-xl-reorder -mlittle-endian -mxl-barrel-shift -mxl-pattern-compare -mcpu=v11.0 -mno-xl-soft-mul -Wl,--no-relax -ffunction-sections -fdata-sections -MMD -MP -MF"src/lw_usb/MAX3421E.d" -MT"src/lw_usb/MAX3421E.o" -o "src/lw_usb/MAX3421E.o" "../src/lw_usb/MAX3421E.c"
In file included from C:/Users/Arjun/Documents/ECE/385/ece-385-run3/run3/workspace/mb_usb_hdmi_top/export/mb_usb_hdmi_top/sw/mb_usb_hdmi_top/standalone_microblaze_0/bspinclude/include/xspi.h:303,
                 from ../src/lw_usb/MAX3421E.c:14:
../src/lw_usb/MAX3421E.c: In function 'SPI_init':
C:/Users/Arjun/Documents/ECE/385/ece-385-run3/run3/workspace/mb_usb_hdmi_top/export/mb_usb_hdmi_top/sw/mb_usb_hdmi_top/standalone_microblaze_0/bspinclude/include/xstatus.h:44:41: warning: 'return' with a value, in function returning void [-Wreturn-type]
   44 | #define XST_DEVICE_NOT_FOUND            2L
      |                                         ^~
../src/lw_usb/MAX3421E.c:38:24: note: in expansion of macro 'XST_DEVICE_NOT_FOUND'
   38 |                 return XST_DEVICE_NOT_FOUND;
      |                        ^~~~~~~~~~~~~~~~~~~~
../src/lw_usb/MAX3421E.c:32:6: note: declared here
   32 | void SPI_init() {
      |      ^~~~~~~~
In file included from C:/Users/Arjun/Documents/ECE/385/ece-385-run3/run3/workspace/mb_usb_hdmi_top/export/mb_usb_hdmi_top/sw/mb_usb_hdmi_top/standalone_microblaze_0/bspinclude/include/xspi.h:303,
                 from ../src/lw_usb/MAX3421E.c:14:
C:/Users/Arjun/Documents/ECE/385/ece-385-run3/run3/workspace/mb_usb_hdmi_top/export/mb_usb_hdmi_top/sw/mb_usb_hdmi_top/standalone_microblaze_0/bspinclude/include/xstatus.h:43:41: warning: 'return' with a value, in function returning void [-Wreturn-type]
   43 | #define XST_FAILURE                     1L
      |                                         ^~
../src/lw_usb/MAX3421E.c:44:24: note: in expansion of macro 'XST_FAILURE'
   44 |                 return XST_FAILURE;
      |                        ^~~~~~~~~~~
../src/lw_usb/MAX3421E.c:32:6: note: declared here
   32 | void SPI_init() {
      |      ^~~~~~~~
../src/lw_usb/MAX3421E.c: In function 'MAXreg_wr':
../src/lw_usb/MAX3421E.c:78:41: warning: passing argument 2 of 'XSpi_Transfer' discards 'const' qualifier from pointer target type [-Wdiscarded-qualifiers]
   78 |         if (XSpi_Transfer(&SpiInstance, wr_buffer, NULL, sizeof(wr_buffer)) != XST_SUCCESS) {
      |                                         ^~~~~~~~~
In file included from ../src/lw_usb/MAX3421E.c:14:
C:/Users/Arjun/Documents/ECE/385/ece-385-run3/run3/workspace/mb_usb_hdmi_top/export/mb_usb_hdmi_top/sw/mb_usb_hdmi_top/standalone_microblaze_0/bspinclude/include/xspi.h:814:42: note: expected 'u8 *' {aka 'unsigned char *'} but argument is of type 'const uint8_t *' {aka 'const unsigned char *'}
  814 | int XSpi_Transfer(XSpi *InstancePtr, u8 *SendBufPtr, u8 *RecvBufPtr,
      |                                      ~~~~^~~~~~~~~~
../src/lw_usb/MAX3421E.c: In function 'MAXreg_rd':
../src/lw_usb/MAX3421E.c:132:41: warning: passing argument 2 of 'XSpi_Transfer' discards 'const' qualifier from pointer target type [-Wdiscarded-qualifiers]
  132 |         if (XSpi_Transfer(&SpiInstance, wr_buffer, rd_buffer, sizeof(wr_buffer)) != XST_SUCCESS) {
      |                                         ^~~~~~~~~
In file included from ../src/lw_usb/MAX3421E.c:14:
C:/Users/Arjun/Documents/ECE/385/ece-385-run3/run3/workspace/mb_usb_hdmi_top/export/mb_usb_hdmi_top/sw/mb_usb_hdmi_top/standalone_microblaze_0/bspinclude/include/xspi.h:814:42: note: expected 'u8 *' {aka 'unsigned char *'} but argument is of type 'const uint8_t *' {aka 'const unsigned char *'}
  814 | int XSpi_Transfer(XSpi *InstancePtr, u8 *SendBufPtr, u8 *RecvBufPtr,
      |                                      ~~~~^~~~~~~~~~
../src/lw_usb/MAX3421E.c: In function 'MAX3421E_Task':
../src/lw_usb/MAX3421E.c:311:46: warning: suggest parentheses around comparison in operand of '&' [-Wparentheses]
  311 |         if (XGpio_DiscreteRead(&Gpio_int, 1) & 0x01 == 0) {
      |                                              ^
../src/lw_usb/MAX3421E.c: In function 'MaxGpxHandler':
../src/lw_usb/MAX3421E.c:347:14: warning: variable 'GPINIRQ' set but not used [-Wunused-but-set-variable]
  347 |         BYTE GPINIRQ;
      |              ^~~~~~~
'Finished building: ../src/lw_usb/MAX3421E.c'
' '
'Building file: ../src/lw_usb/transfer.c'
'Invoking: MicroBlaze gcc compiler'
mb-gcc -Wall -O0 -g3 -c -fmessage-length=0 -MT"src/lw_usb/transfer.o" -IC:/Users/Arjun/Documents/ECE/385/ece-385-run3/run3/workspace/mb_usb_hdmi_top/export/mb_usb_hdmi_top/sw/mb_usb_hdmi_top/standalone_microblaze_0/bspinclude/include -mno-xl-reorder -mlittle-endian -mxl-barrel-shift -mxl-pattern-compare -mcpu=v11.0 -mno-xl-soft-mul -Wl,--no-relax -ffunction-sections -fdata-sections -MMD -MP -MF"src/lw_usb/transfer.d" -MT"src/lw_usb/transfer.o" -o "src/lw_usb/transfer.o" "../src/lw_usb/transfer.c"
../src/lw_usb/transfer.c:13:1: warning: braces around scalar initializer
   13 | EP_RECORD dev0ep = {{ 0 }};         //Endpoint data structure for uninitialized device during enumeration
      | ^~~~~~~~~
../src/lw_usb/transfer.c:13:1: note: (near initialization for 'dev0ep.epAddr')
../src/lw_usb/transfer.c: In function 'XferInTransfer':
../src/lw_usb/transfer.c:199:7: warning: unused variable 'tmpbyte' [-Wunused-variable]
  199 |  BYTE tmpbyte;
      |       ^~~~~~~
../src/lw_usb/transfer.c:198:7: warning: unused variable 'i' [-Wunused-variable]
  198 |  BYTE i;
      |       ^
'Finished building: ../src/lw_usb/transfer.c'
' '
'Building file: ../src/lw_usb_main.c'
'Invoking: MicroBlaze gcc compiler'
mb-gcc -Wall -O0 -g3 -c -fmessage-length=0 -MT"src/lw_usb_main.o" -IC:/Users/Arjun/Documents/ECE/385/ece-385-run3/run3/workspace/mb_usb_hdmi_top/export/mb_usb_hdmi_top/sw/mb_usb_hdmi_top/standalone_microblaze_0/bspinclude/include -mno-xl-reorder -mlittle-endian -mxl-barrel-shift -mxl-pattern-compare -mcpu=v11.0 -mno-xl-soft-mul -Wl,--no-relax -ffunction-sections -fdata-sections -MMD -MP -MF"src/lw_usb_main.d" -MT"src/lw_usb_main.o" -o "src/lw_usb_main.o" "../src/lw_usb_main.c"
'Finished building: ../src/lw_usb_main.c'
' '
'Building file: ../src/platform.c'
'Invoking: MicroBlaze gcc compiler'
mb-gcc -Wall -O0 -g3 -c -fmessage-length=0 -MT"src/platform.o" -IC:/Users/Arjun/Documents/ECE/385/ece-385-run3/run3/workspace/mb_usb_hdmi_top/export/mb_usb_hdmi_top/sw/mb_usb_hdmi_top/standalone_microblaze_0/bspinclude/include -mno-xl-reorder -mlittle-endian -mxl-barrel-shift -mxl-pattern-compare -mcpu=v11.0 -mno-xl-soft-mul -Wl,--no-relax -ffunction-sections -fdata-sections -MMD -MP -MF"src/platform.d" -MT"src/platform.o" -o "src/platform.o" "../src/platform.c"
'Finished building: ../src/platform.c'
' '
'Building target: run3.elf'
'Invoking: MicroBlaze gcc linker'
mb-gcc -Wl,-T -Wl,../src/lscript.ld -LC:/Users/Arjun/Documents/ECE/385/ece-385-run3/run3/workspace/mb_usb_hdmi_top/export/mb_usb_hdmi_top/sw/mb_usb_hdmi_top/standalone_microblaze_0/bsplib/lib -mlittle-endian -mxl-barrel-shift -mxl-pattern-compare -mcpu=v11.0 -mno-xl-soft-mul -Wl,--no-relax -Wl,--gc-sections -o "run3.elf"  ./src/lw_usb/HID.o ./src/lw_usb/MAX3421E.o ./src/lw_usb/transfer.o  ./src/lw_usb_main.o ./src/lw_usb_main_backup.o ./src/platform.o   -Wl,--start-group,-lxil,-lgcc,-lc,--end-group
'Finished building target: run3.elf'
' '
'Invoking: MicroBlaze Print Size'
mb-size run3.elf  |tee "run3.elf.size"
   text	   data	    bss	    dec	    hex	filename
  24260	    488	   3676	  28424	   6f08	run3.elf
'Finished building: run3.elf.size'
' '

01:22:48 Build Finished (took 2s.169ms)

